// Vitest Snapshot v1, https://vitest.dev/guide/snapshot.html

exports[`Button component > should be mounted 1`] = `"<button class=\\"w-20 h-20 bg-gray-500 text-white text-5xl rounded-full hover:bg-gray-800 font-inter inline-flex items-center justify-center\\"></button>"`;
