// Vitest Snapshot v1, https://vitest.dev/guide/snapshot.html

exports[`Calculator component > should be mounted 1`] = `
"<div class=\\"bg-black px-[18px] py-[22px] pt-[90px]\\">
  <div data-test=\\"history\\" class=\\"text-right font-sans font-light text-[37px] text-gray-600\\"></div>
  <div data-test=\\"screen\\" class=\\"mb-7 font-worksans font-light text-[62px] leading-none text-right\\"></div>
  <div class=\\"grid gap-2.5 grid-cols-4\\"><button class=\\"w-20 h-20 bg-gray-500 text-white text-5xl rounded-full hover:bg-gray-800 font-inter inline-flex items-center justify-center\\" data-test=\\"C\\">C</button><button class=\\"w-20 h-20 bg-gray-500 text-white text-5xl rounded-full hover:bg-gray-800 font-inter inline-flex items-center justify-center\\" data-test=\\"S\\"><img src=\\"/sign.svg\\" alt=\\"Sign\\"></button><button class=\\"w-20 h-20 bg-gray-500 text-white text-5xl rounded-full hover:bg-gray-800 font-inter inline-flex items-center justify-center\\" data-test=\\"%\\">%</button><button class=\\"w-20 h-20 bg-gray-500 text-white text-5xl rounded-full hover:bg-gray-800 font-inter inline-flex items-center justify-center bg-orange-500 hover:bg-orange-800 pb-[7px]\\" data-test=\\"/\\">÷</button><button class=\\"w-20 h-20 bg-gray-500 text-white text-5xl rounded-full hover:bg-gray-800 font-inter inline-flex items-center justify-center\\" data-test=\\"7\\">7</button><button class=\\"w-20 h-20 bg-gray-500 text-white text-5xl rounded-full hover:bg-gray-800 font-inter inline-flex items-center justify-center\\" data-test=\\"8\\">8</button><button class=\\"w-20 h-20 bg-gray-500 text-white text-5xl rounded-full hover:bg-gray-800 font-inter inline-flex items-center justify-center\\" data-test=\\"9\\">9</button><button class=\\"w-20 h-20 bg-gray-500 text-white text-5xl rounded-full hover:bg-gray-800 font-inter inline-flex items-center justify-center bg-orange-500 hover:bg-orange-800 pb-[7px]\\" data-test=\\"*\\">×</button><button class=\\"w-20 h-20 bg-gray-500 text-white text-5xl rounded-full hover:bg-gray-800 font-inter inline-flex items-center justify-center\\" data-test=\\"4\\">4</button><button class=\\"w-20 h-20 bg-gray-500 text-white text-5xl rounded-full hover:bg-gray-800 font-inter inline-flex items-center justify-center\\" data-test=\\"5\\">5</button><button class=\\"w-20 h-20 bg-gray-500 text-white text-5xl rounded-full hover:bg-gray-800 font-inter inline-flex items-center justify-center\\" data-test=\\"6\\">6</button><button class=\\"w-20 h-20 bg-gray-500 text-white text-5xl rounded-full hover:bg-gray-800 font-inter inline-flex items-center justify-center bg-orange-500 hover:bg-orange-800 pb-[7px]\\" data-test=\\"-\\">-</button><button class=\\"w-20 h-20 bg-gray-500 text-white text-5xl rounded-full hover:bg-gray-800 font-inter inline-flex items-center justify-center\\" data-test=\\"1\\">1</button><button class=\\"w-20 h-20 bg-gray-500 text-white text-5xl rounded-full hover:bg-gray-800 font-inter inline-flex items-center justify-center\\" data-test=\\"2\\">2</button><button class=\\"w-20 h-20 bg-gray-500 text-white text-5xl rounded-full hover:bg-gray-800 font-inter inline-flex items-center justify-center\\" data-test=\\"3\\">3</button><button class=\\"w-20 h-20 bg-gray-500 text-white text-5xl rounded-full hover:bg-gray-800 font-inter inline-flex items-center justify-center bg-orange-500 hover:bg-orange-800 pb-[7px]\\" data-test=\\"+\\">+</button><button class=\\"w-20 h-20 bg-gray-500 text-white text-5xl rounded-full hover:bg-gray-800 font-inter inline-flex items-center justify-center text-[40px] indent-[-7px]\\" data-test=\\"D\\">⌫</button><button class=\\"w-20 h-20 bg-gray-500 text-white text-5xl rounded-full hover:bg-gray-800 font-inter inline-flex items-center justify-center\\" data-test=\\"0\\">0</button><button class=\\"w-20 h-20 bg-gray-500 text-white text-5xl rounded-full hover:bg-gray-800 font-inter inline-flex items-center justify-center\\" data-test=\\".\\">,</button><button class=\\"w-20 h-20 bg-gray-500 text-white text-5xl rounded-full hover:bg-gray-800 font-inter inline-flex items-center justify-center bg-orange-500 hover:bg-orange-800 pb-[7px]\\" data-test=\\"=\\">=</button></div>
</div>"
`;
